
============================================================
[2025-11-20 15:57:21] Fluxwell Capture System - Starting...
[2025-11-20 15:57:21] Initializing AI Movement Analyzer...
[2025-11-20 15:57:21] AI Analyzer initialized
[2025-11-20 15:57:40] Video source opened with resolution: 640x480
[2025-11-20 15:57:40] Starting WebSocket sender...
[2025-11-20 15:57:41] WebSocket sender thread started
[2025-11-20 15:57:43] Proceeding to main capture loop

============================================================
[2025-11-20 20:15:39] Fluxwell Capture System - Starting...
[2025-11-20 20:15:39] Initializing AI Movement Analyzer...
[2025-11-20 20:15:39] AI Analyzer initialized
[2025-11-20 20:15:54] Video source opened with resolution: 640x480
[2025-11-20 20:15:54] Starting WebSocket sender...
[2025-11-20 20:15:55] WebSocket sender thread started
[2025-11-20 20:15:57] Proceeding to main capture loop

============================================================
[2025-11-20 20:22:37] Fluxwell Capture System - Starting...
[2025-11-20 20:22:37] Initializing AI Movement Analyzer...
[2025-11-20 20:22:37] AI Analyzer initialized
[2025-11-20 20:23:02] Video source opened with resolution: 640x480
[2025-11-20 20:23:02] Starting WebSocket sender...
[2025-11-20 20:23:03] WebSocket sender thread started
[2025-11-20 20:23:05] Proceeding to main capture loop

============================================================
[2025-11-20 20:42:39] Fluxwell Capture System - Starting...
[2025-11-20 20:42:39] Initializing AI Movement Analyzer...
[2025-11-20 20:42:39] AI Analyzer initialized
[2025-11-20 20:42:56] Video source opened with resolution: 640x480
[2025-11-20 20:42:56] Starting WebSocket sender...
[2025-11-20 20:42:57] WebSocket sender thread started
[2025-11-20 20:42:59] Proceeding to main capture loop

============================================================
[2025-11-20 20:44:53] Fluxwell Capture System - Starting...
[2025-11-20 20:44:53] Initializing AI Movement Analyzer...
[2025-11-20 20:44:53] AI Analyzer initialized
[2025-11-20 20:45:20] Video source opened with resolution: 640x480
[2025-11-20 20:45:20] Starting WebSocket sender...
[2025-11-20 20:45:21] WebSocket sender thread started
[2025-11-20 20:45:23] Proceeding to main capture loop

============================================================
[2025-11-20 21:06:02] Fluxwell Capture System - Starting...
[2025-11-20 21:06:02] Initializing AI Movement Analyzer...
[2025-11-20 21:06:02] AI Analyzer initialized
[2025-11-20 21:06:21] Video source opened with resolution: 640x480
[2025-11-20 21:06:21] Starting WebSocket sender...
[2025-11-20 21:06:22] WebSocket sender thread started
[2025-11-20 21:06:24] Proceeding to main capture loop

============================================================
[2025-11-20 21:15:13] Fluxwell Capture System - Starting...
[2025-11-20 21:15:13] Initializing AI Movement Analyzer...
[2025-11-20 21:15:14] AI Analyzer initialized

============================================================
[2025-11-20 21:15:22] Fluxwell Capture System - Starting...
[2025-11-20 21:15:22] Initializing AI Movement Analyzer...
[2025-11-20 21:15:22] AI Analyzer initialized

============================================================
[2025-11-20 21:15:33] Fluxwell Capture System - Starting...
[2025-11-20 21:15:33] Initializing AI Movement Analyzer...
[2025-11-20 21:15:33] AI Analyzer initialized

============================================================
[2025-11-20 21:15:42] Fluxwell Capture System - Starting...
[2025-11-20 21:15:42] Initializing AI Movement Analyzer...
[2025-11-20 21:15:42] AI Analyzer initialized
[2025-11-20 21:15:55] Video source opened with resolution: 640x480
[2025-11-20 21:15:55] Starting WebSocket sender...
[2025-11-20 21:15:56] WebSocket sender thread started
[2025-11-20 21:15:58] Proceeding to main capture loop

============================================================
[2025-11-20 21:26:34] Fluxwell Capture System - Starting...
[2025-11-20 21:26:34] Initializing AI Movement Analyzer...
[2025-11-20 21:26:34] AI Analyzer initialized
[2025-11-20 21:26:51] Video source opened with resolution: 640x480
[2025-11-20 21:26:51] Starting WebSocket sender...
[2025-11-20 21:26:52] WebSocket sender thread started
[2025-11-20 21:26:54] Proceeding to main capture loop

============================================================
[2025-11-20 21:37:33] Fluxwell Capture System - Starting...
[2025-11-20 21:37:33] Initializing AI Movement Analyzer...
[2025-11-20 21:37:33] AI Analyzer initialized
[2025-11-20 21:37:51] Video source opened with resolution: 640x480
[2025-11-20 21:37:51] Starting WebSocket sender...
[2025-11-20 21:37:52] WebSocket sender thread started
[2025-11-20 21:37:54] Proceeding to main capture loop

============================================================
[2025-11-20 23:02:00] Fluxwell Capture System - Starting...
[2025-11-20 23:02:00] Initializing AI Movement Analyzer...
[2025-11-20 23:02:00] AI Analyzer initialized
[2025-11-20 23:02:28] Video source opened with resolution: 640x480
[2025-11-20 23:02:28] Starting WebSocket sender...
[2025-11-20 23:02:29] WebSocket sender thread started
[2025-11-20 23:02:31] Proceeding to main capture loop

============================================================
[2025-11-20 23:03:31] Fluxwell Capture System - Starting...
[2025-11-20 23:03:31] Initializing AI Movement Analyzer...
[2025-11-20 23:03:31] AI Analyzer initialized
[2025-11-20 23:03:49] Video source opened with resolution: 640x480
[2025-11-20 23:03:49] Starting WebSocket sender...
[2025-11-20 23:03:50] WebSocket sender thread started
[2025-11-20 23:03:52] Proceeding to main capture loop

============================================================
[2025-11-20 23:05:13] Fluxwell Capture System - Starting...
[2025-11-20 23:05:13] Initializing AI Movement Analyzer...
[2025-11-20 23:05:13] AI Analyzer initialized
[2025-11-20 23:05:30] Video source opened with resolution: 640x480
[2025-11-20 23:05:30] Starting WebSocket sender...
[2025-11-20 23:05:31] WebSocket sender thread started
[2025-11-20 23:05:33] Proceeding to main capture loop

============================================================
[2025-11-20 23:08:22] Fluxwell Capture System - Starting...
[2025-11-20 23:08:22] Initializing AI Movement Analyzer...
[2025-11-20 23:08:22] AI Analyzer initialized

============================================================
[2025-11-20 23:10:22] Fluxwell Capture System - Starting...
[2025-11-20 23:10:22] Initializing AI Movement Analyzer...
[2025-11-20 23:10:22] AI Analyzer initialized

============================================================
[2025-11-20 23:12:25] Fluxwell Capture System - Starting...
[2025-11-20 23:12:25] Initializing AI Movement Analyzer...
[2025-11-20 23:12:25] AI Analyzer initialized

============================================================
[2025-11-20 23:16:40] Fluxwell Capture System - Starting...
[2025-11-20 23:16:40] Initializing AI Movement Analyzer...
[2025-11-20 23:16:41] AI Analyzer initialized
[2025-11-20 23:16:42] Video source opened with resolution: 640x480
[2025-11-20 23:16:42] Starting WebSocket sender...
[2025-11-20 23:16:43] WebSocket sender thread started
[2025-11-20 23:16:45] Proceeding to main capture loop

============================================================
[2025-11-20 23:25:17] Fluxwell Capture System - Starting...
[2025-11-20 23:25:17] Initializing AI Movement Analyzer...
[2025-11-20 23:25:17] AI Analyzer initialized
[2025-11-20 23:25:20] Video source opened with resolution: 640x480
[2025-11-20 23:25:20] Starting WebSocket sender...
[2025-11-20 23:25:21] WebSocket sender thread started
[2025-11-20 23:25:23] Proceeding to main capture loop

============================================================
[2025-11-21 00:26:17] Fluxwell Capture System - Starting...
[2025-11-21 00:26:17] Initializing AI Movement Analyzer...
[2025-11-21 00:26:17] AI Analyzer initialized
[2025-11-21 00:26:19] Video source opened with resolution: 640x480
[2025-11-21 00:26:19] Starting WebSocket sender...
[2025-11-21 00:26:20] WebSocket sender thread started
[2025-11-21 00:26:22] Proceeding to main capture loop

============================================================
[2025-11-21 00:28:24] Fluxwell Capture System - Starting...
[2025-11-21 00:28:24] Initializing AI Movement Analyzer...
[2025-11-21 00:28:24] AI Analyzer initialized
[2025-11-21 00:28:27] Video source opened with resolution: 640x480
[2025-11-21 00:28:27] Starting WebSocket sender...
[2025-11-21 00:28:28] WebSocket sender thread started
[2025-11-21 00:28:30] Proceeding to main capture loop
