
[2025-11-20 15:57:40] Attempt 1/5: Connecting to ws://localhost:8000
[2025-11-20 15:57:43] Keypoints WebSocket connected
[2025-11-20 15:57:45] Video WebSocket connected
[2025-11-20 15:57:45] Connected to WebSocket server
[2025-11-20 15:57:45] Starting sender tasks...

[2025-11-20 20:15:54] Attempt 1/5: Connecting to ws://localhost:8000
[2025-11-20 20:15:56] Keypoints WebSocket connected
[2025-11-20 20:15:58] Video WebSocket connected
[2025-11-20 20:15:58] Connected to WebSocket server
[2025-11-20 20:15:58] Starting sender tasks...

[2025-11-20 20:23:02] Attempt 1/5: Connecting to ws://localhost:8000
[2025-11-20 20:23:04] Keypoints WebSocket connected
[2025-11-20 20:23:06] Video WebSocket connected
[2025-11-20 20:23:06] Connected to WebSocket server
[2025-11-20 20:23:06] Starting sender tasks...

[2025-11-20 20:42:56] Attempt 1/5: Connecting to ws://localhost:8000
[2025-11-20 20:42:58] Keypoints WebSocket connected
[2025-11-20 20:43:00] Video WebSocket connected
[2025-11-20 20:43:00] Connected to WebSocket server
[2025-11-20 20:43:00] Starting sender tasks...

[2025-11-20 20:45:20] Attempt 1/5: Connecting to ws://localhost:8000
[2025-11-20 20:45:22] Keypoints WebSocket connected
[2025-11-20 20:45:24] Video WebSocket connected
[2025-11-20 20:45:24] Connected to WebSocket server
[2025-11-20 20:45:24] Starting sender tasks...

[2025-11-20 21:06:21] Attempt 1/5: Connecting to ws://localhost:8000
[2025-11-20 21:06:24] Keypoints WebSocket connected
[2025-11-20 21:06:26] Video WebSocket connected
[2025-11-20 21:06:26] Connected to WebSocket server
[2025-11-20 21:06:26] Starting sender tasks...

[2025-11-20 21:15:55] Attempt 1/5: Connecting to ws://localhost:8000
[2025-11-20 21:15:57] Keypoints WebSocket connected
[2025-11-20 21:15:59] Video WebSocket connected
[2025-11-20 21:15:59] Connected to WebSocket server
[2025-11-20 21:15:59] Starting sender tasks...

[2025-11-20 21:26:51] Attempt 1/5: Connecting to ws://localhost:8000
[2025-11-20 21:26:53] Keypoints WebSocket connected
[2025-11-20 21:26:55] Video WebSocket connected
[2025-11-20 21:26:55] Connected to WebSocket server
[2025-11-20 21:26:55] Starting sender tasks...

[2025-11-20 21:37:51] Attempt 1/5: Connecting to ws://localhost:8000
[2025-11-20 21:37:53] Keypoints WebSocket connected
[2025-11-20 21:37:55] Video WebSocket connected
[2025-11-20 21:37:55] Connected to WebSocket server
[2025-11-20 21:37:55] Starting sender tasks...

[2025-11-20 23:02:28] Attempt 1/5: Connecting to ws://localhost:8000
[2025-11-20 23:02:30] Keypoints WebSocket connected
[2025-11-20 23:02:32] Video WebSocket connected
[2025-11-20 23:02:32] Connected to WebSocket server
[2025-11-20 23:02:32] Starting sender tasks...

[2025-11-20 23:03:49] Attempt 1/5: Connecting to ws://localhost:8000
[2025-11-20 23:03:51] Keypoints WebSocket connected
[2025-11-20 23:03:53] Video WebSocket connected
[2025-11-20 23:03:53] Connected to WebSocket server
[2025-11-20 23:03:53] Starting sender tasks...

[2025-11-20 23:05:30] Attempt 1/5: Connecting to ws://localhost:8000
[2025-11-20 23:05:32] Keypoints WebSocket connected
[2025-11-20 23:05:34] Video WebSocket connected
[2025-11-20 23:05:34] Connected to WebSocket server
[2025-11-20 23:05:34] Starting sender tasks...

[2025-11-20 23:16:42] Attempt 1/5: Connecting to ws://localhost:8000
[2025-11-20 23:16:44] Keypoints WebSocket connected
[2025-11-20 23:16:46] Video WebSocket connected
[2025-11-20 23:16:46] Connected to WebSocket server
[2025-11-20 23:16:46] Starting sender tasks...

[2025-11-20 23:25:20] Attempt 1/5: Connecting to ws://localhost:8000
[2025-11-20 23:25:22] Keypoints WebSocket connected
[2025-11-20 23:25:24] Video WebSocket connected
[2025-11-20 23:25:24] Connected to WebSocket server
[2025-11-20 23:25:24] Starting sender tasks...

[2025-11-21 00:26:19] Attempt 1/5: Connecting to ws://localhost:8000
[2025-11-21 00:26:21] Keypoints WebSocket connected
[2025-11-21 00:26:24] Video WebSocket connected
[2025-11-21 00:26:24] Connected to WebSocket server
[2025-11-21 00:26:24] Starting sender tasks...

[2025-11-21 00:28:27] Attempt 1/5: Connecting to ws://localhost:8000
[2025-11-21 00:28:29] Keypoints WebSocket connected
[2025-11-21 00:28:31] Video WebSocket connected
[2025-11-21 00:28:31] Connected to WebSocket server
[2025-11-21 00:28:31] Starting sender tasks...
